[www.socialturbo.online/indexf94e.html]
[backblue.gif]
[fade.gif]
[index.html]
[socialturbo.online/images/91dfde1d6e005e422f64a59776234f1f4c80b5e4.png]
[socialturbo.online/css/panel/yeti/bootstrap.css]
[socialturbo.online/css/panel/yeti/style.css]
[socialturbo.online/js/datepicker/css/bootstrap-datepicker3.min.css]
[cdn.mypanel.link/css/font-awesome/css/all.min.css]
[cdnjs.cloudflare.com/ajax/libs/OwlCarousel2/2.3.4/assets/owl.carousel.min.css]
[cdnjs.cloudflare.com/ajax/libs/OwlCarousel2/2.3.4/assets/owl.theme.default.min.css]
[code.jquery.com/jquery-3.3.1.slim.min.js]
[cdnjs.cloudflare.com/ajax/libs/popper.js/1.12.2/umd/popper.min.js]
[socialturbo.online/images/26657d5ff9020d2abefe558796b99584.png]
[cdn.discordapp.com/attachments/828813966481817605/981916421493768212/btn-mid-user.png]
[socialturbo.online/img/shape1.png]
[socialturbo.online/img/shape2.png]
[socialturbo.online/img/shape3.png]
[socialturbo.online/img/main-img.png]
[media.discordapp.net/attachments/828813966481817605/986663572224479232/main-img2_1.png]
[socialturbo.online/img/icon1.png]
[socialturbo.online/img/icon2.png]
[socialturbo.online/img/icon3.png]
[socialturbo.online/img/icon4.png]
[code.jquery.com/jquery-3.5.1.min.js]
[cdnjs.cloudflare.com/ajax/libs/OwlCarousel2/2.3.4/owl.carousel.min.js]
[www.google.com/recaptcha/apifef7.js]
[cdnjs.cloudflare.com/ajax/libs/jquery/1.12.4/jquery.min.js]
[socialturbo.online/js/panel/yeti/script.js]
[socialturbo.online/js/main.js]
[socialturbo.online/js/panel/yeti/bootstrap.js]
[socialturbo.online/js/datepicker/js/bootstrap-datepicker.min.js]
[socialturbo.online/js/datepicker/locales/bootstrap-datepicker.tr.min.js]
[www.socialturbo.online/indexf94e.html]
[socialturbo.online/css/panel/yeti/bootstrap.css]
[i.ibb.co/WkMwLPr/xuacytfhynhyxdxh.png]
[socialturbo.online/css/panel/yeti/style.css]
[socialturbo.online/js/datepicker/css/bootstrap-datepicker3.min.css]
[cdn.mypanel.link/css/font-awesome/css/all.min.css]
[cdnjs.cloudflare.com/ajax/libs/OwlCarousel2/2.3.4/assets/owl.carousel.min.css]
[cdnjs.cloudflare.com/ajax/libs/OwlCarousel2/2.3.4/assets/owl.theme.default.min.css]
[cdnjs.cloudflare.com/ajax/libs/OwlCarousel2/2.3.4/assets/owl.video.play.png]
[smm360.com/img/files/8f53a76199c951d157cc1a3454df0f19.png]
